Welcome to Git (version 1.9.4-preview20140929)


Run 'git help git' to display the help index.
Run 'git help <command>' to display help for specific commands.

Fasih@FASIH ~
$ git config --global user.name "fasihtt"

Fasih@FASIH ~
$ git config --global user.email "k112014@nu.edu.pk"

Fasih@FASIH ~
$ cd Desktop

Fasih@FASIH ~/Desktop
$ ls
Thumbs.db  desktop.ini

Fasih@FASIH ~/Desktop
$ git clone https://github.com/fasihtt/SIMBA.git
Cloning into 'SIMBA'...
remote: Counting objects: 3, done.
remote: Compressing objects: 100% (2/2), done.
remote: Total 3 (delta 0), reused 0 (delta 0)
Unpacking objects: 100% (3/3), done.
Checking connectivity... done.

Fasih@FASIH ~/Desktop
$ cd SIMBA

Fasih@FASIH ~/Desktop/SIMBA (master)
$ ls
README.md

Fasih@FASIH ~/Desktop/SIMBA (master)
$ vim README.md

Fasih@FASIH ~/Desktop/SIMBA (master)
$ git status
On branch master
Your branch is up-to-date with 'origin/master'.

nothing to commit, working directory clean

Fasih@FASIH ~/Desktop/SIMBA (master)
$ git add README.md

Fasih@FASIH ~/Desktop/SIMBA (master)
$ git commit -m "updated Readme file for better description"
On branch master
Your branch is up-to-date with 'origin/master'.

nothing to commit, working directory clean

Fasih@FASIH ~/Desktop/SIMBA (master)
$ git log
commit 2b8dcfb030f4fa517f454abe1afb89dd7eb88b74
Author: Fasih Rehman <k112014@nu.edu.pk>
Date:   Sun Oct 19 13:19:25 2014 +0500

    Initial commit

    Fasih@FASIH ~/Desktop/SIMBA (master)
    $ git status
    On branch master
    Your branch is up-to-date with 'origin/master'.

    nothing to commit, working directory clean

    Fasih@FASIH ~/Desktop/SIMBA (master)
    $ git remote add origin https://github.com/fasihtt/SIMBA.git
    fatal: remote origin already exists.

    Fasih@FASIH ~/Desktop/SIMBA (master)
    $ git push -u orgin master
    fatal: 'orgin' does not appear to be a git repository
    fatal: Could not read from remote repository.

    Please make sure you have the correct access rights
    and the repository exists.

    Fasih@FASIH ~/Desktop/SIMBA (master)
    $ git push -u origin master
    Username for 'https://github.com': fasihtt
    Password for 'https://fasihtt@github.com':
    Branch master set up to track remote branch master from origin.
    Everything up-to-date

    Fasih@FASIH ~/Desktop/SIMBA (master)
    $ touch testfile.txt

    Fasih@FASIH ~/Desktop/SIMBA (master)
    $ ls
    README.md  testfile.txt

    Fasih@FASIH ~/Desktop/SIMBA (master)
    $ vim tesfile.txt

    Fasih@FASIH ~/Desktop/SIMBA (master)
    $ git status
    On branch master
    Your branch is up-to-date with 'origin/master'.

    Untracked files:
      (use "git add <file>..." to include in what will be committed)

              tesfile.txt
	              testfile.txt

		      nothing added to commit but untracked files present (use "git add" to track)

		      Fasih@FASIH ~/Desktop/SIMBA (master)
		      $ git add .

		      Fasih@FASIH ~/Desktop/SIMBA (master)
		      $ git commit -m "testfile is added to test"
		      [master 7add714] testfile is added to test
		       2 files changed, 1 insertion(+)
		        create mode 100644 tesfile.txt
			 create mode 100644 testfile.txt

			 Fasih@FASIH ~/Desktop/SIMBA (master)
			 $ git log
			 commit 7add714bfb16b7124914004c1b5f300e25f28f2e
			 Author: fasihtt <k112014@nu.edu.pk>
			 Date:   Sun Oct 19 13:42:04 2014 +0500

			     testfile is added to test

			     commit 2b8dcfb030f4fa517f454abe1afb89dd7eb88b74
			     Author: Fasih Rehman <k112014@nu.edu.pk>
			     Date:   Sun Oct 19 13:19:25 2014 +0500

			         Initial commit

				 Fasih@FASIH ~/Desktop/SIMBA (master)
				 $ git status
				 On branch master
				 Your branch is ahead of 'origin/master' by 1 commit.
				   (use "git push" to publish your local commits)

				   nothing to commit, working directory clean

				   Fasih@FASIH ~/Desktop/SIMBA (master)
				   $ git push
				   warning: push.default is unset; its implicit value is changing in
				   Git 2.0 from 'matching' to 'simple'. To squelch this message
				   and maintain the current behavior after the default changes, use:

				     git config --global push.default matching

				     To squelch this message and adopt the new behavior now, use:

				       git config --global push.default simple

				       When push.default is set to 'matching', git will push local branches
				       to the remote branches that already exist with the same name.

				       In Git 2.0, Git will default to the more conservative 'simple'
				       behavior, which only pushes the current branch to the corresponding
				       remote branch that 'git pull' uses to update the current branch.

				       See 'git help config' and search for 'push.default' for further information.
				       (the 'simple' mode was introduced in Git 1.7.11. Use the similar mode
				       'current' instead of 'simple' if you sometimes use older versions of Git)

				       Username for 'https://github.com': fasihtt
				       Password for 'https://fasihtt@github.com':
				       Counting objects: 5, done.
				       Delta compression using up to 2 threads.
				       Compressing objects: 100% (2/2), done.
				       Writing objects: 100% (4/4), 345 bytes | 0 bytes/s, done.
				       Total 4 (delta 0), reused 0 (delta 0)
				       To https://github.com/fasihtt/SIMBA.git
				          2b8dcfb..7add714  master -> master

					  Fasih@FASIH ~/Desktop/SIMBA (master)
					  $ git commit help
					  error: pathspec 'help' did not match any file(s) known to git.

					  Fasih@FASIH ~/Desktop/SIMBA (master)
					  $ git pull origin master
					  From https://github.com/fasihtt/SIMBA
					   * branch            master     -> FETCH_HEAD
					   Already up-to-date.

					   Fasih@FASIH ~/Desktop/SIMBA (master)
					   $
